// Jest Snapshot v1, https://goo.gl/fbAQLP

exports[`The TextBoxContainer Component should render correctly 1`] = `
<DocumentFragment>
  <div>
    <div>
      <input
        data-testid="test-input"
        type="text"
      />
    </div>
    <div
      class="componentButton"
    >
      <button
        data-testid="test-btn"
        message=""
      >
         clicked 0 times
      </button>
    </div>
  </div>
</DocumentFragment>
`;
